../Core/Src/20x4_LCD.c:63:9:Keypad_Read	8	static
../Core/Src/20x4_LCD.c:103:6:Display_20x4_Menu	40	static
../Core/Src/20x4_LCD.c:115:6:Display_Live_Values	40	static
../Core/Src/20x4_LCD.c:144:13:LCD_Enable	8	static
../Core/Src/20x4_LCD.c:152:13:LCD_WriteNibble	16	static
../Core/Src/20x4_LCD.c:162:6:LCD_SendCommand	16	static
../Core/Src/20x4_LCD.c:173:6:LCD_SendData	16	static
../Core/Src/20x4_LCD.c:182:6:LCD_Init	8	static
../Core/Src/20x4_LCD.c:208:6:LCD_Clear	8	static
../Core/Src/20x4_LCD.c:215:6:LCD_SetCursor	24	static
../Core/Src/20x4_LCD.c:227:6:LCD_PrintChar	16	static
../Core/Src/20x4_LCD.c:233:6:LCD_Print	16	static
