../Core/Src/main.c:157:5:main	8	static
../Core/Src/main.c:288:6:SystemClock_Config	120	static
../Core/Src/main.c:351:13:MX_SPI1_Init	8	static
../Core/Src/main.c:399:13:MX_GPIO_Init	48	static
../Core/Src/main.c:491:6:LED_All_On	16	static
../Core/Src/main.c:498:6:LED_All_Off	16	static
../Core/Src/main.c:505:6:LED_All_Toggle	16	static
../Core/Src/main.c:515:6:LED_All_Toggle_Rev	16	static
../Core/Src/main.c:529:6:MPU_Config	24	static
../Core/Src/main.c:560:6:Error_Handler	4	static,ignoring_inline_asm
